../Core/Inc/GenericDriver.h:47:13:GenericDriver::~GenericDriver()	16	static
../Core/Inc/GenericDriver.h:47:13:virtual GenericDriver::~GenericDriver()	16	static
../Core/Src/ASK.cpp:26:1:ASK::ASK(uint16_t, uint8_t, uint8_t, uint8_t, bool)	24	static
../Core/Src/ASK.cpp:42:6:virtual bool ASK::init()	16	static
../Core/Src/ASK.cpp:83:21:void ASK::setModeIdle()	16	static
../Core/Src/ASK.cpp:94:6:void ASK::setModeTx()	16	static
../Core/Src/ASK.cpp:110:6:void ASK::setModeRx()	16	static
../Core/Src/ASK.cpp:119:6:virtual bool ASK::available()	16	static
../Core/Src/ASK.cpp:132:21:virtual bool ASK::recv(uint8_t*, uint8_t*)	32	static
../Core/Src/ASK.cpp:152:6:virtual bool ASK::send(const uint8_t*, uint8_t)	40	static
../Core/Src/ASK.cpp:216:21:bool ASK::readRx()	24	static
../Core/Src/ASK.cpp:224:21:void ASK::writeTx(bool)	16	static
../Core/Src/ASK.cpp:234:21:void ASK::writePtt(bool)	16	static
../Core/Src/ASK.cpp:242:9:virtual uint8_t ASK::maxMessageLength()	16	static
../Core/Src/ASK.cpp:248:24:uint8_t ASK::symbol_6to4(uint8_t)	24	static
../Core/Src/ASK.cpp:267:6:void ASK::validateRxBuf()	24	static
../Core/Src/ASK.cpp:296:21:void ASK::receiveTimer()	32	static
../Core/Src/ASK.cpp:385:21:void ASK::transmitTimer()	16	static
../Core/Src/ASK.cpp:413:6:void ASK::handleTimerInterrupt()	16	static
../Core/Inc/ASK.h:47:7:ASK::~ASK()	16	static
../Core/Inc/ASK.h:47:7:virtual ASK::~ASK()	16	static
