../Core/Inc/GenericDriver.h:47:13:GenericDriver::~GenericDriver()	16	static
../Core/Inc/GenericDriver.h:47:13:virtual GenericDriver::~GenericDriver()	16	static
../Core/Inc/ASK.h:104:21:uint16_t ASK::speed()	16	static
../Core/Src/main.cpp:76:5:int main()	64	static
../Core/Src/main.cpp:135:6:void SystemClock_Config()	96	static
../Core/Src/main.cpp:196:13:void MX_I2C1_Init()	8	static
../Core/Src/main.cpp:244:13:void MX_LPUART1_UART_Init()	8	static
../Core/Src/main.cpp:278:13:void MX_TIM2_Init()	64	static
../Core/Src/main.cpp:337:13:void MX_TIM5_Init()	80	static
../Core/Src/main.cpp:397:13:void MX_USB_OTG_FS_PCD_Init()	8	static
../Core/Src/main.cpp:432:13:void MX_GPIO_Init()	56	static
../Core/Src/main.cpp:518:6:void Error_Handler()	4	static,ignoring_inline_asm
../Core/Inc/ASK.h:47:7:ASK::~ASK()	16	static
../Core/Inc/ASK.h:47:7:virtual ASK::~ASK()	16	static
../Core/Src/main.cpp:527:1:void __static_initialization_and_destruction_0(int, int)	24	static
../Core/Src/main.cpp:527:1:cpp)	8	static
../Core/Src/main.cpp:527:1:cpp)	8	static
